0
impossible
1
impossible
2
impossible
3
24
impossible
45
impossible
32
impossible
46
impossible
46
impossible
46
impossible
45
impossible
45
impossible
impossible
3
3
4
impossible
0
0
impossible
17
15
16
2
2
15
15
14
1
1
0
0
impossible
16
impossible
0
1
2
2
28
29
impossible
29
impossible
0
1
impossible
0
0
impossible
10
9
6
12
9
impossible
impossible
11
impossible
10
impossible
11
10
12
impossible
impossible
3
10
8
impossible
13
9
impossible
9
impossible
11
impossible
8
7
impossible
10
7
7
6
7
9
9
9
impossible
