2 18
CCCCCCC
CCCCCCCCCMACMACMACMCMAMMACAMCMACMC
ACM
ACMACMACM
ACMACMACMC
ACMACMACMCM
ACMACMACMCMA
ACMACMACMCMAM
ACMACMACMCMAMM
ACMACMACMCMAMMA
ACMACMACMCMAMMAC
ACMACMACMCMAMMACA
ACMACMACMCMAMMACAM
ACMACMACMCMAMMACAMC
ACMACMACMCMAMMACAMCM
ACMACMACMCMAMMACAMCMA
ACMACMACMCMAMMACAMCMAC
ACMACMACMCMAMMACAMCMACM
ACMACMACMCMAMMACAMCMACMC
AAAAAAAAAMACMACMACMCMAMMACAMCMACMC
