30 30
CMM
CMMMCA
CMMMAACAA
CMMMAAACCACA
CMMMMAACACCMMACAA
CMMMMAAAACAMCCMMAMCAAM
CCMMMMAAAACAMMCCMMAMMCAAM
CCMMMMAACAACACAMMCCMMAMMCMAAMC
CCMMMMAAACAACACAAMMCCMMACMMCMMAAMCM
CCMMMMAAACAAMCACAAMMCCMAMACMMCMMAAMCM
CCMMMMAAACAAMCACAAMMCCMAMACMMCMMAACMCM
CCMMMMAAACAAMMCACAAMMCCMAMACMMCMMAACMCM
CCCMMMMAAACAAMMCACAAMCMCCMAMACMMCMMAACMCM
CCCMMMMMAAACAMAMMMCACAAMCMCCMAMACCMMCMMAACMCM
CCCMAMMMMAAACAMAMMMCACCAAMCMCCCMAMAACCMMCMMAACMCM
CCCCMAMMMMAAACAMAMMMCACCAAMCMCCMCMMAMAACCMMCMMAACMCM
CCCCMCAMMMMMAAACAMAMMMCAMCCAAMCMCCMCMMAMAAACCMMCMMAACMCM
CACCCMCAMMMMMAAACAMAMMMCAMCCAAMCMCCMCMMAMAAACCMMCMMAACMCM
CACCCMCAMMMMMAAACAMAMMMCAMCCAAMCMCCMCAMMAMAAAACCMMCMMAACMCCM
CACCCMCAMMMMAMAAACAMAMMMCAMCCAAMCMCCMCAMMAMAAAACCMMCMMAACMCCM
CACCCMCAMMMMAMAAACAMAMMMCAMMCCAAMCMCCMCAMMAMAAACACCMMCMMAACMCCM
CACCCCMCAMMMMAMAAACAMAMMMCAMMCCAAMCMCCMCAMMAMAAACACCMMCMMAACMCCM
CMACCCCMCAMMMMAMACAACAMAMMMCAAMMCCAAMCMCCMCAMMAAMAAACACCMMCMMAACMCCM
CMACCCCMCAMMAMMAMACAACAMAMMMCMAAMMCMCAAMCMCCMCAMMAAMAAACACCMMCMMAACCMCCM
CMACCCCCMCAMMAMMAMACAACAMAMMMCMAAMMCMCAAMCMCCMCAMMAAMAAACACCMMCMMAACCCMCCM
CMMACCCCCMCAMMAMMAMACAACAMACMMMCMAAMMCMCAAMCMCCMCAMMCAAMAAACACCMMCMMAACCCMCCM
CCMMACCCCCMCAMMAMMAMACAACAMACMMMCMAAMMCMCAAMCMCCMCAMMCAAMAAACACCMMCMMAACCCMCACM
CCMMACCCCCMMCAMMAMMAMACAACAMACMMMCMAAMMMCMCAAMCMCCMCAMMCAAMAAACACCMMCMMAACCCMCACM
CCMMACCCCCMMCAMMAMMAMACAACAMACMMMCMCAAMMMCMCAAMCMCCMCAMMCAAMAAACAMCCMMCMMAACCCMCCACM
CCMMACCCCCMMCAMMAMMMAMACAAACAMACMMMCMCAAMMMCMCAAMCMACCMCAAMMCAAMAAAACAMCCMMCMMAACCCMCCACM
ACA
AACACMC
ACACACMCC
AMCACAACACMCCA
AMMCACAMAACACMCCA
AMMCACACAAMAACACMCCA
AAMMCCACACAAMMMAACAMCMCCA
AAMMACCCACACAAMCMMACACAMCMCMCA
AAAMMACCCACACAAMCMMACACAMCMCMMCA
AAAMMACCCACACAAMCMMMACACAMMCMCAMMMCA
AAAMMAACCCACACAAMCMMAMMACACAMMCMCAMMMCA
AAAMMAACCCACACAAMCMMAMMACACAMMCMCACMMMCA
AAAMAMAACCCACACAAMCMMAMMACACAMMCMCACMMMCA
AAAMAMAACCCMCACACAAMCMMAMMACACAMMCMCACMMMCA
AAAMAAMAACCCCMCACACAAMCMMAMMACACAMMCMCACMMMMCCA
AAAMAAMAACCCCMCACACAAMACMMAMMMACACAMMCMCACCMMMMCCA
AAAMAAMAACCCCMCACACAAMCCACMMMAMAMMACACAMMCMCACCMMMMCCA
AAAMAMAMAACCCCMCACACCAAMCCACMMMAMAMMACAACAMMCMCACCMMMMCCA
AAAMAMAMAACCCCMCACACCAAMACCACAMMMAMAMMACAACAMMCCMMCACCMMMMCCA
AAAMACMAMAACCCCMCCACACCCAAMACCACAMMMAMAMMACAACAMMCCMMCACCMMMMCCAC
AAAMACMAMAACCCCMCCACACCCAAMACCACAMMMAMAMMMACAACAMMCCMMCACCMMMMCCAC
AAAMACMAMAACCCCMCCACACCCAAMACCACACMMMAAMAMMMACAACAMMMCCMMCACCMMMMMCCAC
AAAMACMCCAMAACCCMCCMCCACACCCAAMACCACACMMMAAMAMMMACAACAAMMMCCMMCACCMMMMMCCAC
AAAMACMCCAMAACCCMCCMCCCACACCCAAMACCACACMMMMAAMAMMMACAACAAMMMCCMMCACCMMMMMCCAC
AAAMACMCCAMAACCCMCCMCCCACACCCAAMACCACACMMMMAAMMAMMMACAAACAAMMMCCMMCACCMMMMMCCAC
AAAMACMCCAMAACCCMCCMCCCACACCCAAMACCACACMMMMAAAMMAMMMACAAACAAMMMCCMMCACCMMMMMCCAC
AAAMACMCCAMAACCCMCCMCCCACACCCAAMACCACAMCMMMMAAAMMAMMMACAAACAAMMMCCMMCACCMMMMMCCAC
AAAMACMCCAMAACCCMCCMCCCACACCCAAMACCACAMCMCMMMAAAMMAMMMACAAACAAMMMCCMMCACCMMMMMCCAC
AAAMAACMCCAMAACMCCMCCMCCCACACCCAAMACCACAMCMCMMMAAAMMAMMMAMCAAACAAMMMCCMMCACCMMMMMCCAC
AAAMAACMCCAMAACMCCMCCMCCCACACCCAAMACCACAMCMCMMMAACAMMAMMMAMCAAACAAAMMMCCMMCACCMMMMMCCAC
