Command 2: OPEN - window does not fit
Command 3: OPEN - window does not fit
Command 5: OPEN - window does not fit
Command 6: OPEN - window does not fit
Command 8: OPEN - window does not fit
Command 9: OPEN - window does not fit
Command 11: OPEN - window does not fit
Command 12: OPEN - window does not fit
5 window(s):
0 0 10 10
0 990 10 10
990 0 10 10
990 990 10 10
10 10 980 980
