Command 4: RESIZE - no window at given position
Command 5: MOVE - no window at given position
Command 6: MOVE - moved 211588142 instead of 401907404
Command 7: CLOSE - no window at given position
Command 8: MOVE - no window at given position
Command 9: CLOSE - no window at given position
Command 10: MOVE - no window at given position
Command 11: MOVE - no window at given position
Command 12: CLOSE - no window at given position
Command 14: MOVE - no window at given position
Command 15: OPEN - window does not fit
Command 17: RESIZE - window does not fit
Command 19: RESIZE - no window at given position
Command 20: MOVE - no window at given position
Command 21: MOVE - moved 85014368 instead of 401907404
Command 23: MOVE - no window at given position
Command 24: RESIZE - no window at given position
Command 25: OPEN - window does not fit
Command 26: MOVE - no window at given position
Command 27: RESIZE - no window at given position
Command 28: MOVE - moved 0 instead of 401907404
Command 29: CLOSE - no window at given position
Command 30: MOVE - no window at given position
Command 31: OPEN - window does not fit
Command 32: MOVE - no window at given position
Command 34: RESIZE - no window at given position
Command 35: RESIZE - no window at given position
Command 36: CLOSE - no window at given position
Command 37: MOVE - moved 27893620 instead of 401907404
Command 38: MOVE - no window at given position
Command 39: MOVE - no window at given position
Command 40: CLOSE - no window at given position
Command 41: RESIZE - no window at given position
Command 42: MOVE - no window at given position
Command 43: OPEN - window does not fit
Command 44: RESIZE - no window at given position
Command 46: CLOSE - no window at given position
Command 47: RESIZE - no window at given position
Command 48: MOVE - no window at given position
Command 50: MOVE - no window at given position
Command 51: CLOSE - no window at given position
Command 52: RESIZE - no window at given position
Command 53: RESIZE - no window at given position
Command 54: MOVE - no window at given position
Command 55: CLOSE - no window at given position
Command 56: MOVE - no window at given position
Command 58: MOVE - no window at given position
Command 59: RESIZE - no window at given position
Command 60: MOVE - no window at given position
Command 61: CLOSE - no window at given position
Command 62: MOVE - no window at given position
Command 63: MOVE - no window at given position
Command 64: MOVE - no window at given position
Command 66: CLOSE - no window at given position
Command 67: OPEN - window does not fit
Command 68: OPEN - window does not fit
Command 69: CLOSE - no window at given position
Command 70: MOVE - moved 261806355 instead of 401907404
Command 71: MOVE - no window at given position
Command 72: MOVE - moved 0 instead of 401907404
Command 73: RESIZE - no window at given position
Command 74: MOVE - no window at given position
Command 75: CLOSE - no window at given position
Command 76: MOVE - no window at given position
Command 77: RESIZE - no window at given position
Command 78: MOVE - no window at given position
Command 79: RESIZE - no window at given position
Command 80: RESIZE - no window at given position
Command 81: RESIZE - no window at given position
Command 82: MOVE - no window at given position
Command 83: RESIZE - no window at given position
Command 84: MOVE - no window at given position
Command 85: RESIZE - window does not fit
Command 87: MOVE - no window at given position
Command 88: OPEN - window does not fit
Command 89: RESIZE - no window at given position
Command 90: MOVE - no window at given position
Command 92: RESIZE - no window at given position
Command 93: RESIZE - no window at given position
Command 94: CLOSE - no window at given position
Command 96: RESIZE - no window at given position
Command 97: RESIZE - no window at given position
Command 98: MOVE - no window at given position
Command 99: OPEN - window does not fit
Command 100: OPEN - window does not fit
Command 101: MOVE - no window at given position
Command 102: CLOSE - no window at given position
Command 103: RESIZE - no window at given position
Command 104: CLOSE - no window at given position
Command 105: MOVE - no window at given position
Command 106: MOVE - no window at given position
Command 107: CLOSE - no window at given position
Command 108: CLOSE - no window at given position
Command 109: RESIZE - no window at given position
Command 110: CLOSE - no window at given position
Command 111: RESIZE - no window at given position
Command 112: CLOSE - no window at given position
Command 113: MOVE - no window at given position
Command 114: RESIZE - no window at given position
Command 116: CLOSE - no window at given position
Command 117: MOVE - no window at given position
Command 119: CLOSE - no window at given position
Command 120: CLOSE - no window at given position
Command 121: RESIZE - no window at given position
Command 122: RESIZE - no window at given position
Command 124: MOVE - no window at given position
Command 125: MOVE - no window at given position
Command 126: MOVE - no window at given position
Command 127: MOVE - no window at given position
Command 128: MOVE - no window at given position
Command 129: MOVE - no window at given position
Command 130: CLOSE - no window at given position
Command 131: OPEN - window does not fit
Command 132: MOVE - no window at given position
Command 133: CLOSE - no window at given position
Command 134: MOVE - no window at given position
Command 135: RESIZE - no window at given position
Command 136: RESIZE - no window at given position
Command 137: CLOSE - no window at given position
Command 138: CLOSE - no window at given position
Command 139: RESIZE - no window at given position
Command 140: OPEN - window does not fit
Command 141: MOVE - no window at given position
Command 142: MOVE - no window at given position
Command 143: MOVE - no window at given position
Command 144: MOVE - no window at given position
Command 145: MOVE - no window at given position
Command 146: MOVE - no window at given position
Command 147: CLOSE - no window at given position
Command 148: MOVE - no window at given position
Command 149: OPEN - window does not fit
Command 150: MOVE - no window at given position
Command 151: MOVE - moved 0 instead of 401907404
Command 152: MOVE - moved 18797200 instead of 401907404
Command 153: MOVE - no window at given position
Command 154: MOVE - moved 0 instead of 401907404
Command 155: CLOSE - no window at given position
Command 156: CLOSE - no window at given position
Command 157: RESIZE - no window at given position
Command 158: CLOSE - no window at given position
Command 159: RESIZE - no window at given position
Command 161: CLOSE - no window at given position
Command 162: RESIZE - no window at given position
Command 163: MOVE - no window at given position
Command 164: MOVE - no window at given position
Command 165: RESIZE - no window at given position
Command 166: MOVE - moved 209525393 instead of 401907404
Command 167: OPEN - window does not fit
Command 168: MOVE - moved 0 instead of 401907404
Command 169: MOVE - no window at given position
Command 170: CLOSE - no window at given position
Command 171: RESIZE - window does not fit
Command 172: MOVE - moved 0 instead of 401907404
Command 173: CLOSE - no window at given position
Command 174: MOVE - no window at given position
Command 175: CLOSE - no window at given position
Command 176: MOVE - no window at given position
Command 177: RESIZE - no window at given position
Command 178: MOVE - no window at given position
Command 179: RESIZE - no window at given position
Command 180: CLOSE - no window at given position
Command 181: RESIZE - no window at given position
Command 182: RESIZE - no window at given position
Command 183: OPEN - window does not fit
Command 184: OPEN - window does not fit
Command 185: RESIZE - window does not fit
Command 186: CLOSE - no window at given position
Command 187: MOVE - no window at given position
Command 188: CLOSE - no window at given position
Command 190: RESIZE - no window at given position
Command 191: RESIZE - no window at given position
Command 192: CLOSE - no window at given position
Command 193: MOVE - no window at given position
Command 194: RESIZE - window does not fit
Command 195: RESIZE - no window at given position
Command 197: MOVE - no window at given position
Command 198: RESIZE - no window at given position
Command 199: CLOSE - no window at given position
Command 200: OPEN - window does not fit
Command 201: MOVE - no window at given position
Command 203: RESIZE - no window at given position
Command 204: RESIZE - no window at given position
Command 205: MOVE - no window at given position
Command 206: CLOSE - no window at given position
Command 207: CLOSE - no window at given position
Command 208: CLOSE - no window at given position
Command 209: RESIZE - no window at given position
Command 210: RESIZE - no window at given position
Command 211: CLOSE - no window at given position
Command 212: RESIZE - no window at given position
Command 213: MOVE - moved 0 instead of 401907404
Command 214: CLOSE - no window at given position
Command 215: MOVE - no window at given position
Command 216: MOVE - no window at given position
Command 218: MOVE - no window at given position
Command 219: RESIZE - no window at given position
Command 220: RESIZE - no window at given position
Command 221: CLOSE - no window at given position
Command 223: MOVE - no window at given position
Command 224: RESIZE - no window at given position
Command 225: RESIZE - no window at given position
Command 226: MOVE - no window at given position
Command 227: OPEN - window does not fit
Command 228: CLOSE - no window at given position
Command 229: RESIZE - no window at given position
Command 230: CLOSE - no window at given position
Command 231: MOVE - no window at given position
Command 232: MOVE - no window at given position
Command 233: CLOSE - no window at given position
Command 234: CLOSE - no window at given position
Command 235: MOVE - no window at given position
Command 236: RESIZE - no window at given position
Command 237: RESIZE - no window at given position
Command 238: MOVE - no window at given position
Command 240: MOVE - no window at given position
Command 241: RESIZE - no window at given position
Command 242: MOVE - no window at given position
Command 243: RESIZE - no window at given position
Command 244: MOVE - no window at given position
Command 245: MOVE - no window at given position
Command 246: MOVE - no window at given position
Command 247: MOVE - no window at given position
Command 248: RESIZE - no window at given position
Command 249: RESIZE - no window at given position
Command 250: MOVE - no window at given position
Command 252: OPEN - window does not fit
Command 253: RESIZE - no window at given position
Command 254: MOVE - no window at given position
Command 255: RESIZE - no window at given position
Command 256: MOVE - no window at given position
4 window(s):
480126608 585623191 82003854 16452817
46928678 515904786 155255056 96963764
489433519 27239869 271741052 68988094
839115307 45724170 133675143 43449086
