Command 2: CLOSE - no window at given position
Command 3: CLOSE - no window at given position
Command 4: CLOSE - no window at given position
Command 5: CLOSE - no window at given position
Command 6: CLOSE - no window at given position
Command 7: CLOSE - no window at given position
Command 8: CLOSE - no window at given position
Command 9: CLOSE - no window at given position
Command 10: CLOSE - no window at given position
Command 11: CLOSE - no window at given position
Command 12: CLOSE - no window at given position
Command 13: CLOSE - no window at given position
1 window(s):
500 500 10 10
