Command 3: OPEN - window does not fit
Command 4: MOVE - no window at given position
Command 5: RESIZE - no window at given position
Command 6: MOVE - moved 400716828 instead of 401907404
Command 7: MOVE - no window at given position
Command 8: RESIZE - no window at given position
Command 9: CLOSE - no window at given position
Command 10: CLOSE - no window at given position
Command 11: MOVE - no window at given position
Command 12: RESIZE - no window at given position
Command 14: MOVE - moved 0 instead of 401907404
Command 15: MOVE - moved 0 instead of 401907404
Command 16: RESIZE - no window at given position
Command 17: MOVE - no window at given position
Command 19: CLOSE - no window at given position
Command 20: MOVE - no window at given position
Command 21: MOVE - no window at given position
Command 22: MOVE - no window at given position
Command 23: MOVE - no window at given position
Command 24: MOVE - no window at given position
Command 25: RESIZE - no window at given position
Command 26: CLOSE - no window at given position
Command 27: RESIZE - no window at given position
Command 29: OPEN - window does not fit
Command 30: MOVE - no window at given position
Command 31: CLOSE - no window at given position
Command 32: RESIZE - no window at given position
Command 33: MOVE - no window at given position
Command 34: CLOSE - no window at given position
Command 35: RESIZE - no window at given position
Command 36: CLOSE - no window at given position
Command 37: CLOSE - no window at given position
Command 38: CLOSE - no window at given position
Command 39: OPEN - window does not fit
Command 40: OPEN - window does not fit
Command 41: CLOSE - no window at given position
Command 42: MOVE - no window at given position
Command 43: RESIZE - no window at given position
Command 44: CLOSE - no window at given position
Command 45: MOVE - no window at given position
Command 46: MOVE - no window at given position
Command 47: CLOSE - no window at given position
Command 48: RESIZE - no window at given position
Command 49: MOVE - no window at given position
Command 50: RESIZE - no window at given position
Command 51: CLOSE - no window at given position
Command 53: MOVE - no window at given position
Command 54: CLOSE - no window at given position
Command 55: CLOSE - no window at given position
Command 56: CLOSE - no window at given position
Command 57: MOVE - no window at given position
Command 58: RESIZE - no window at given position
Command 59: CLOSE - no window at given position
Command 60: CLOSE - no window at given position
Command 61: MOVE - moved 395568791 instead of 401907404
Command 62: CLOSE - no window at given position
Command 63: MOVE - no window at given position
Command 64: RESIZE - no window at given position
Command 65: CLOSE - no window at given position
Command 66: RESIZE - no window at given position
Command 67: RESIZE - no window at given position
Command 68: MOVE - moved 139828958 instead of 401907404
Command 69: MOVE - no window at given position
Command 72: RESIZE - no window at given position
Command 73: RESIZE - no window at given position
Command 74: MOVE - no window at given position
Command 76: RESIZE - no window at given position
Command 77: CLOSE - no window at given position
Command 78: OPEN - window does not fit
Command 79: CLOSE - no window at given position
Command 80: MOVE - no window at given position
Command 81: MOVE - no window at given position
Command 82: CLOSE - no window at given position
Command 83: CLOSE - no window at given position
Command 84: RESIZE - no window at given position
Command 85: CLOSE - no window at given position
Command 86: CLOSE - no window at given position
Command 87: MOVE - no window at given position
Command 88: MOVE - no window at given position
Command 89: CLOSE - no window at given position
Command 90: CLOSE - no window at given position
Command 91: MOVE - no window at given position
Command 92: RESIZE - no window at given position
Command 93: RESIZE - no window at given position
Command 94: CLOSE - no window at given position
Command 95: RESIZE - no window at given position
Command 96: RESIZE - no window at given position
Command 97: RESIZE - no window at given position
Command 98: RESIZE - no window at given position
Command 99: RESIZE - no window at given position
Command 100: MOVE - no window at given position
Command 101: MOVE - no window at given position
Command 103: RESIZE - no window at given position
Command 104: MOVE - no window at given position
Command 105: MOVE - no window at given position
Command 106: CLOSE - no window at given position
Command 107: RESIZE - no window at given position
Command 108: OPEN - window does not fit
Command 109: RESIZE - no window at given position
Command 110: MOVE - no window at given position
Command 112: CLOSE - no window at given position
Command 113: MOVE - no window at given position
Command 114: MOVE - no window at given position
Command 115: MOVE - no window at given position
Command 116: MOVE - no window at given position
Command 118: MOVE - moved 317094503 instead of 401907404
Command 119: CLOSE - no window at given position
Command 120: CLOSE - no window at given position
Command 121: CLOSE - no window at given position
Command 122: MOVE - no window at given position
Command 123: OPEN - window does not fit
Command 124: MOVE - no window at given position
Command 125: OPEN - window does not fit
Command 126: MOVE - no window at given position
Command 127: RESIZE - no window at given position
Command 128: RESIZE - no window at given position
Command 129: CLOSE - no window at given position
Command 130: RESIZE - no window at given position
Command 131: MOVE - no window at given position
Command 132: MOVE - no window at given position
Command 133: MOVE - no window at given position
Command 135: MOVE - no window at given position
Command 136: RESIZE - no window at given position
Command 137: MOVE - no window at given position
Command 138: RESIZE - no window at given position
Command 139: MOVE - no window at given position
Command 140: MOVE - no window at given position
Command 141: CLOSE - no window at given position
Command 142: MOVE - no window at given position
Command 143: OPEN - window does not fit
Command 144: OPEN - window does not fit
Command 145: RESIZE - no window at given position
Command 146: MOVE - no window at given position
Command 147: RESIZE - no window at given position
Command 148: OPEN - window does not fit
Command 149: MOVE - no window at given position
Command 150: RESIZE - no window at given position
Command 151: MOVE - no window at given position
Command 153: CLOSE - no window at given position
Command 154: OPEN - window does not fit
Command 155: MOVE - no window at given position
Command 157: CLOSE - no window at given position
Command 158: MOVE - no window at given position
Command 159: CLOSE - no window at given position
Command 160: OPEN - window does not fit
Command 161: MOVE - no window at given position
Command 162: CLOSE - no window at given position
Command 163: CLOSE - no window at given position
Command 164: RESIZE - no window at given position
Command 165: CLOSE - no window at given position
Command 166: RESIZE - no window at given position
Command 167: MOVE - no window at given position
Command 169: CLOSE - no window at given position
Command 170: CLOSE - no window at given position
Command 171: RESIZE - no window at given position
Command 172: MOVE - no window at given position
Command 173: MOVE - no window at given position
Command 174: MOVE - no window at given position
Command 175: RESIZE - no window at given position
Command 177: CLOSE - no window at given position
Command 178: MOVE - no window at given position
Command 179: MOVE - no window at given position
Command 180: MOVE - no window at given position
Command 181: RESIZE - no window at given position
Command 182: RESIZE - no window at given position
Command 183: MOVE - moved 282897185 instead of 401907404
Command 184: MOVE - no window at given position
Command 185: OPEN - window does not fit
Command 186: MOVE - no window at given position
Command 187: MOVE - no window at given position
Command 188: MOVE - no window at given position
Command 190: RESIZE - no window at given position
Command 191: MOVE - no window at given position
Command 192: CLOSE - no window at given position
Command 193: MOVE - moved 276142955 instead of 401907404
Command 194: RESIZE - no window at given position
Command 195: MOVE - no window at given position
Command 197: RESIZE - no window at given position
Command 198: CLOSE - no window at given position
Command 199: OPEN - window does not fit
Command 200: MOVE - no window at given position
Command 201: CLOSE - no window at given position
Command 203: MOVE - no window at given position
Command 204: CLOSE - no window at given position
Command 205: MOVE - no window at given position
Command 206: OPEN - window does not fit
Command 207: CLOSE - no window at given position
Command 208: CLOSE - no window at given position
Command 209: OPEN - window does not fit
Command 210: RESIZE - no window at given position
Command 211: MOVE - no window at given position
Command 212: RESIZE - no window at given position
Command 213: MOVE - no window at given position
Command 214: RESIZE - no window at given position
Command 215: CLOSE - no window at given position
Command 216: CLOSE - no window at given position
Command 217: RESIZE - no window at given position
Command 218: OPEN - window does not fit
Command 219: RESIZE - no window at given position
Command 220: OPEN - window does not fit
Command 221: RESIZE - no window at given position
Command 222: CLOSE - no window at given position
Command 223: CLOSE - no window at given position
Command 224: RESIZE - no window at given position
Command 225: OPEN - window does not fit
Command 226: RESIZE - no window at given position
Command 227: CLOSE - no window at given position
Command 228: RESIZE - no window at given position
Command 229: MOVE - no window at given position
Command 230: MOVE - moved 74676178 instead of 401907404
Command 231: CLOSE - no window at given position
Command 232: MOVE - no window at given position
Command 234: RESIZE - no window at given position
Command 235: CLOSE - no window at given position
Command 236: OPEN - window does not fit
Command 237: MOVE - no window at given position
Command 238: OPEN - window does not fit
Command 239: RESIZE - no window at given position
Command 240: CLOSE - no window at given position
Command 241: RESIZE - no window at given position
Command 243: RESIZE - no window at given position
Command 244: RESIZE - no window at given position
Command 245: RESIZE - no window at given position
Command 246: CLOSE - no window at given position
Command 247: OPEN - window does not fit
Command 248: RESIZE - no window at given position
Command 249: CLOSE - no window at given position
Command 250: OPEN - window does not fit
Command 251: CLOSE - no window at given position
Command 252: CLOSE - no window at given position
Command 253: MOVE - no window at given position
Command 254: OPEN - window does not fit
Command 255: CLOSE - no window at given position
Command 256: RESIZE - no window at given position
4 window(s):
588413995 748016743 247005744 35281739
798808749 377656489 11612977 37818381
503460062 60689094 314389312 20671842
321718994 308679297 348103925 101856080
