Command 2: RESIZE - no window at given position
Command 3: RESIZE - no window at given position
Command 4: RESIZE - no window at given position
Command 5: RESIZE - no window at given position
Command 6: RESIZE - window does not fit
Command 8: RESIZE - no window at given position
Command 10: MOVE - moved 1 instead of 100
Command 11: MOVE - no window at given position
Command 12: MOVE - moved 1 instead of 100
1 window(s):
0 0 1000 1000
